Inline::Octave
mod_perl2
Vcf4_0
VcfReader
CPAN::Test::Dummy::Perl5::Make::CircDepeOne
CPAN::Test::Dummy::Perl5::Make::CircDepeThree
CPAN::Test::Dummy::Perl5::Make::CircDepeTwo
OurNet::BBSAgent
OurNet::Template
OurNet::BBS
OurNet::BBS::Authen
OurNet::BBS::Base
OurNet::BBS::BBSAgent::Article
OurNet::BBS::BBSAgent::ArticleGroup
OurNet::BBS::BBSAgent::BBS
OurNet::BBS::BBSAgent::Board
OurNet::BBS::BBSAgent::BoardGroup
OurNet::BBS::Client
OurNet::BBS::Cola::Article
OurNet::BBS::Cola::ArticleGroup
OurNet::BBS::Cola::BBS
OurNet::BBS::Cola::Board
OurNet::BBS::Cola::BoardGroup
OurNet::BBS::Cola::FileGroup
OurNet::BBS::Cola::User
OurNet::BBS::Cola::UserGroup
OurNet::BBS::CVIC::Article
OurNet::BBS::CVIC::ArticleGroup
OurNet::BBS::CVIC::BBS
OurNet::BBS::CVIC::Board
OurNet::BBS::CVIC::BoardGroup
OurNet::BBS::CVIC::FileGroup
OurNet::BBS::CVIC::Group
OurNet::BBS::CVIC::GroupGroup
OurNet::BBS::CVIC::Session
OurNet::BBS::CVIC::SessionGroup
OurNet::BBS::CVIC::User
OurNet::BBS::CVIC::UserGroup
OurNet::BBS::External::ArticleGroup
OurNet::BBS::External::BBS
OurNet::BBS::External::Board
OurNet::BBS::External::BoardGroup
OurNet::BBS::Firebird3::Article
OurNet::BBS::Firebird3::ArticleGroup
OurNet::BBS::Firebird3::BBS
OurNet::BBS::Firebird3::Board
OurNet::BBS::Firebird3::BoardGroup
OurNet::BBS::Firebird3::FileGroup
OurNet::BBS::Firebird3::User
OurNet::BBS::Firebird3::UserGroup
OurNet::BBS::MailBox::Article
OurNet::BBS::MailBox::ArticleGroup
OurNet::BBS::MailBox::BBS
OurNet::BBS::MailBox::Board
OurNet::BBS::MailBox::BoardGroup
OurNet::BBS::MAPLE2::Article
OurNet::BBS::MAPLE2::ArticleGroup
OurNet::BBS::MAPLE2::BBS
OurNet::BBS::MAPLE2::Board
OurNet::BBS::MAPLE2::BoardGroup
OurNet::BBS::MAPLE2::FileGroup
OurNet::BBS::MAPLE2::GroupGroup
OurNet::BBS::MAPLE2::Session
OurNet::BBS::MAPLE2::SessionGroup
OurNet::BBS::MAPLE2::User
OurNet::BBS::MAPLE2::UserGroup
OurNet::BBS::MAPLE3::Article
OurNet::BBS::MAPLE3::ArticleGroup
OurNet::BBS::MAPLE3::BBS
OurNet::BBS::MAPLE3::Board
OurNet::BBS::MAPLE3::BoardGroup
OurNet::BBS::MAPLE3::FileGroup
OurNet::BBS::MAPLE3::GroupGroup
OurNet::BBS::MAPLE3::SessionGroup
OurNet::BBS::MAPLE3::User
OurNet::BBS::MAPLE3::UserGroup
OurNet::BBS::MELIX::Article
OurNet::BBS::MELIX::ArticleGroup
OurNet::BBS::MELIX::BBS
OurNet::BBS::MELIX::Board
OurNet::BBS::MELIX::BoardGroup
OurNet::BBS::MELIX::FileGroup
OurNet::BBS::MELIX::Group
OurNet::BBS::MELIX::GroupGroup
OurNet::BBS::MELIX::Session
OurNet::BBS::MELIX::SessionGroup
OurNet::BBS::MELIX::User
OurNet::BBS::MELIX::UserGroup
OurNet::BBS::NNTP::Article
OurNet::BBS::NNTP::ArticleGroup
OurNet::BBS::NNTP::BBS
OurNet::BBS::NNTP::Board
OurNet::BBS::NNTP::BoardGroup
OurNet::BBS::OurNet::BBS
OurNet::BBS::PTT::Article
OurNet::BBS::PTT::ArticleGroup
OurNet::BBS::PTT::BBS
OurNet::BBS::PTT::Board
OurNet::BBS::PTT::BoardGroup
OurNet::BBS::PTT::FileGroup
OurNet::BBS::PTT::SessionGroup
OurNet::BBS::PTT::User
OurNet::BBS::PTT::UserGroup
OurNet::BBS::RAM::Article
OurNet::BBS::RAM::ArticleGroup
OurNet::BBS::RAM::BBS
OurNet::BBS::RAM::Board
OurNet::BBS::RAM::BoardGroup
OurNet::BBS::RAM::Group
OurNet::BBS::RAM::GroupGroup
OurNet::BBS::RAM::Session
OurNet::BBS::RAM::SessionGroup
OurNet::BBS::RAM::User
OurNet::BBS::RAM::UserGroup
OurNet::BBS::ScalarFile
OurNet::BBS::Server
OurNet::BBS::ShmArray
OurNet::BBS::ShmScalar
OurNet::BBS::SocketScalar
OurNet::BBS::Utils
OurNet::BBSAgent
OurNet::BBSApp
OurNet::BBSApp::Arena
OurNet::BBSApp::Board
OurNet::BBSApp::CmdPerm
OurNet::BBSApp::Consensus
OurNet::BBSApp::Issue
OurNet::BBSApp::MailList
OurNet::BBSApp::Monitor
OurNet::BBSApp::Proposal
OurNet::BBSApp::Schedule
OurNet::BBSApp::Sync
OurNet::BBSApp::Templator
OurNet::ChatBot
OurNet::Extract
OurNet::FuzzyIndex
OurNet::Generate
OurNet::Query
OurNet::Site
OurNet::Template
OurNet::Template::Extract
OurNet::Template::Generate
OurNet::WebBuilder
Slash::OurNet::Standalone
